[2025-12-26 16:05:20] ============================================================
[2025-12-26 16:05:20] 任务流开始: 每日新闻分析流程
[2025-12-26 16:05:20] 执行模式: 手动执行
[2025-12-26 16:05:20] ============================================================
[2025-12-26 16:05:20] Step 1: 开始爬取新闻...
[2025-12-26 16:05:20]   参数: 滚动36次, 等待6秒, 自动停止=True
[2025-12-26 16:05:20]   爬虫执行失败: NewsCrawler.run() got an unexpected keyword argument 'auto_stop'
[2025-12-26 16:05:20] ============================================================
[2025-12-26 16:05:20] 任务流失败: NewsCrawler.run() got an unexpected keyword argument 'auto_stop'
[2025-12-26 16:05:20] 错误类型: TypeError
[2025-12-26 16:05:20] 堆栈信息:
Traceback (most recent call last):
  File "F:\爬虫\workflows\base.py", line 124, in run
    self.results = self.execute(run_params)
  File "F:\爬虫\workflows\daily_news_flow.py", line 33, in execute
    crawler_file = self._run_crawler(params.get('crawler', {}))
  File "F:\爬虫\workflows\daily_news_flow.py", line 91, in _run_crawler
    files = crawler.run(
TypeError: NewsCrawler.run() got an unexpected keyword argument 'auto_stop'

[2025-12-26 16:05:20] ============================================================
